// Jest Snapshot v1, https://goo.gl/fbAQLP

exports[`test test 1`] = `
.emotion-0 {
  background: red;
}

<div>
  <div
    class="emotion-0"
  >
    Component
  </div>
</div>
`;
